*** Page 1 ***
{'cls_id': 11, 'label': 'doc_title', 'score': 0.8956527709960938, 'coordinate': [np.float32(365.28232), np.float32(280.09155), np.float32(828.99426), np.float32(352.2312)]}
doc_title
{'cls_id': 2, 'label': 'text', 'score': 0.8687896132469177, 'coordinate': [np.float32(444.39276), np.float32(455.4914), np.float32(744.66), np.float32(477.63757)]}
text
{'cls_id': 4, 'label': 'abstract', 'score': 0.8613048791885376, 'coordinate': [np.float32(125.250244), np.float32(724.2008), np.float32(1062.9413), np.float32(1165.7462)]}
abstract
{'cls_id': 2, 'label': 'text', 'score': 0.8482431173324585, 'coordinate': [np.float32(126.162025), np.float32(1498.4828), np.float32(594.07166), np.float32(1568.6638)]}
text
{'cls_id': 15, 'label': 'footer', 'score': 0.8075871467590332, 'coordinate': [np.float32(129.52486), np.float32(1619.6111), np.float32(324.03278), np.float32(1636.0857)]}
footer
{'cls_id': 2, 'label': 'text', 'score': 0.7594027519226074, 'coordinate': [np.float32(762.4543), np.float32(1498.6376), np.float32(1054.7931), np.float32(1543.7291)]}
text
{'cls_id': 3, 'label': 'number', 'score': 0.7411247491836548, 'coordinate': [np.float32(597.0525), np.float32(1621.521), np.float32(605.4258), np.float32(1637.6553)]}
number
{'cls_id': 20, 'label': 'header_image', 'score': 0.5617548823356628, 'coordinate': [np.float32(32.545197), np.float32(38.37042), np.float32(345.3891), np.float32(346.7467)]}
header_image
{'cls_id': 20, 'label': 'header_image', 'score': 0.5315700173377991, 'coordinate': [np.float32(30.51931), np.float32(38.158978), np.float32(348.0306), np.float32(347.30466)]}
header_image
{'cls_id': 13, 'label': 'header', 'score': 0.5173764228820801, 'coordinate': [np.float32(244.23062), np.float32(151.25203), np.float32(945.83307), np.float32(208.94594)]}
header
*** Page 2 ***
{'cls_id': 2, 'label': 'text', 'score': 0.888716995716095, 'coordinate': [np.float32(117.85527), np.float32(153.33969), np.float32(703.1073), np.float32(220.82333)]}
text
{'cls_id': 15, 'label': 'footer', 'score': 0.8491460680961609, 'coordinate': [np.float32(129.3045), np.float32(1618.281), np.float32(324.55325), np.float32(1635.4548)]}
footer
{'cls_id': 3, 'label': 'number', 'score': 0.7424574494361877, 'coordinate': [np.float32(582.9392), np.float32(1618.2955), np.float32(594.04706), np.float32(1632.9012)]}
number
{'cls_id': 2, 'label': 'text', 'score': 0.6851730942726135, 'coordinate': [np.float32(119.804535), np.float32(683.0286), np.float32(386.30746), np.float32(732.97797)]}
text
{'cls_id': 7, 'label': 'formula', 'score': 0.6506108045578003, 'coordinate': [np.float32(300.31607), np.float32(1021.31476), np.float32(363.10355), np.float32(1067.3568)]}
formula
{'cls_id': 2, 'label': 'text', 'score': 0.6310926675796509, 'coordinate': [np.float32(120.28973), np.float32(341.11273), np.float32(276.7931), np.float32(365.91858)]}
text
{'cls_id': 7, 'label': 'formula', 'score': 0.6130877137184143, 'coordinate': [np.float32(297.6897), np.float32(772.1381), np.float32(364.81754), np.float32(816.32306)]}
formula
{'cls_id': 2, 'label': 'text', 'score': 0.6120319366455078, 'coordinate': [np.float32(121.89828), np.float32(1173.3041), np.float32(326.91238), np.float32(1197.2596)]}
text
{'cls_id': 7, 'label': 'formula', 'score': 0.6033129096031189, 'coordinate': [np.float32(302.5961), np.float32(1391.0336), np.float32(517.9173), np.float32(1412.6063)]}
formula
{'cls_id': 7, 'label': 'formula', 'score': 0.5978595018386841, 'coordinate': [np.float32(299.32004), np.float32(936.6638), np.float32(364.12204), np.float32(984.1778)]}
formula
{'cls_id': 7, 'label': 'formula', 'score': 0.5829605460166931, 'coordinate': [np.float32(302.57492), np.float32(1337.0101), np.float32(512.45703), np.float32(1359.4707)]}
formula
{'cls_id': 7, 'label': 'formula', 'score': 0.5820295810699463, 'coordinate': [np.float32(183.79782), np.float32(1172.7634), np.float32(325.58557), np.float32(1198.218)]}
formula
{'cls_id': 7, 'label': 'formula', 'score': 0.5818919539451599, 'coordinate': [np.float32(299.94183), np.float32(856.76514), np.float32(364.01505), np.float32(900.1527)]}
formula
{'cls_id': 7, 'label': 'formula', 'score': 0.5676331520080566, 'coordinate': [np.float32(301.4449), np.float32(1229.3778), np.float32(514.76483), np.float32(1252.1146)]}
formula
{'cls_id': 7, 'label': 'formula', 'score': 0.5663068294525146, 'coordinate': [np.float32(301.9104), np.float32(1283.0193), np.float32(512.1847), np.float32(1305.6964)]}
formula
{'cls_id': 0, 'label': 'paragraph_title', 'score': 0.5380123853683472, 'coordinate': [np.float32(118.128204), np.float32(270.24722), np.float32(202.83769), np.float32(289.07626)]}
paragraph_title
{'cls_id': 7, 'label': 'formula', 'score': 0.526644229888916, 'coordinate': [np.float32(205.53058), np.float32(684.98663), np.float32(286.42252), np.float32(733.0638)]}
formula
{'cls_id': 7, 'label': 'formula', 'score': 0.525641918182373, 'coordinate': [np.float32(180.11798), np.float32(684.6541), np.float32(286.4679), np.float32(733.0541)]}
formula
{'cls_id': 2, 'label': 'text', 'score': 0.5171946287155151, 'coordinate': [np.float32(234.869), np.float32(557.8946), np.float32(354.27112), np.float32(580.9387)]}
text
{'cls_id': 2, 'label': 'text', 'score': 0.5008729696273804, 'coordinate': [np.float32(233.3187), np.float32(450.1662), np.float32(352.77667), np.float32(474.2296)]}
text
*** Page 3 ***
{'cls_id': 2, 'label': 'text', 'score': 0.9012941718101501, 'coordinate': [np.float32(242.18433), np.float32(243.39906), np.float32(602.03546), np.float32(265.48288)]}
text
{'cls_id': 2, 'label': 'text', 'score': 0.8872140645980835, 'coordinate': [np.float32(242.60837), np.float32(291.17355), np.float32(636.4898), np.float32(313.44333)]}
text
{'cls_id': 2, 'label': 'text', 'score': 0.8762909173965454, 'coordinate': [np.float32(242.04285), np.float32(196.44089), np.float32(617.1419), np.float32(218.91899)]}
text
{'cls_id': 2, 'label': 'text', 'score': 0.8669409155845642, 'coordinate': [np.float32(243.71953), np.float32(338.06277), np.float32(621.00287), np.float32(360.44623)]}
text
{'cls_id': 15, 'label': 'footer', 'score': 0.8644720911979675, 'coordinate': [np.float32(132.83481), np.float32(1614.0496), np.float32(327.36313), np.float32(1630.4323)]}
footer
{'cls_id': 2, 'label': 'text', 'score': 0.7627139687538147, 'coordinate': [np.float32(242.55722), np.float32(580.83026), np.float32(344.20743), np.float32(600.8253)]}
text
{'cls_id': 2, 'label': 'text', 'score': 0.7614933848381042, 'coordinate': [np.float32(244.25334), np.float32(1296.6862), np.float32(366.14786), np.float32(1315.2029)]}
text
{'cls_id': 2, 'label': 'text', 'score': 0.7602693438529968, 'coordinate': [np.float32(127.33132), np.float32(822.682), np.float32(1064.7883), np.float32(875.3696)]}
text
{'cls_id': 7, 'label': 'formula', 'score': 0.7446476221084595, 'coordinate': [np.float32(229.99493), np.float32(822.4677), np.float32(385.01367), np.float32(845.83105)]}
formula
{'cls_id': 2, 'label': 'text', 'score': 0.738656759262085, 'coordinate': [np.float32(243.55125), np.float32(627.6376), np.float32(334.05295), np.float32(648.03143)]}
text
{'cls_id': 3, 'label': 'number', 'score': 0.7369775176048279, 'coordinate': [np.float32(587.06134), np.float32(1615.6873), np.float32(597.13074), np.float32(1629.8433)]}
number
{'cls_id': 2, 'label': 'text', 'score': 0.7236173152923584, 'coordinate': [np.float32(244.26424), np.float32(955.9196), np.float32(332.13867), np.float32(973.7246)]}
text
{'cls_id': 2, 'label': 'text', 'score': 0.7234171628952026, 'coordinate': [np.float32(244.83351), np.float32(1344.7135), np.float32(406.19577), np.float32(1364.195)]}
text
{'cls_id': 2, 'label': 'text', 'score': 0.7112668752670288, 'coordinate': [np.float32(244.3831), np.float32(1008.02386), np.float32(318.53464), np.float32(1027.237)]}
text
{'cls_id': 2, 'label': 'text', 'score': 0.7076635360717773, 'coordinate': [np.float32(243.41937), np.float32(675.4992), np.float32(331.63013), np.float32(695.4087)]}
text
{'cls_id': 2, 'label': 'text', 'score': 0.6985063552856445, 'coordinate': [np.float32(244.1121), np.float32(1249.0011), np.float32(377.81516), np.float32(1267.0271)]}
text
{'cls_id': 2, 'label': 'text', 'score': 0.689934253692627, 'coordinate': [np.float32(245.35211), np.float32(1056.4586), np.float32(319.53308), np.float32(1074.744)]}
text
{'cls_id': 2, 'label': 'text', 'score': 0.6839977502822876, 'coordinate': [np.float32(243.27663), np.float32(907.03217), np.float32(332.04034), np.float32(926.14484)]}
text
{'cls_id': 2, 'label': 'text', 'score': 0.6774344444274902, 'coordinate': [np.float32(244.7733), np.float32(1393.7269), np.float32(462.86838), np.float32(1412.2963)]}
text
{'cls_id': 15, 'label': 'footer', 'score': 0.6741282939910889, 'coordinate': [np.float32(875.7645), np.float32(1615.2792), np.float32(1039.3252), np.float32(1633.6406)]}
footer
{'cls_id': 2, 'label': 'text', 'score': 0.6329389214515686, 'coordinate': [np.float32(243.55519), np.float32(533.174), np.float32(343.5187), np.float32(551.7865)]}
text
{'cls_id': 7, 'label': 'formula', 'score': 0.625516414642334, 'coordinate': [np.float32(215.89012), np.float32(480.3193), np.float32(390.95117), np.float32(501.41025)]}
formula
{'cls_id': 0, 'label': 'paragraph_title', 'score': 0.6125948429107666, 'coordinate': [np.float32(128.74545), np.float32(1198.8357), np.float32(609.08954), np.float32(1218.6686)]}
paragraph_title
{'cls_id': 0, 'label': 'paragraph_title', 'score': 0.6083975434303284, 'coordinate': [np.float32(129.39424), np.float32(148.28625), np.float32(295.20514), np.float32(165.78949)]}
paragraph_title
{'cls_id': 0, 'label': 'paragraph_title', 'score': 0.5765557289123535, 'coordinate': [np.float32(127.52795), np.float32(479.60486), np.float32(493.45212), np.float32(500.73322)]}
paragraph_title
{'cls_id': 2, 'label': 'text', 'score': 0.5092488527297974, 'coordinate': [np.float32(128.74545), np.float32(1198.8357), np.float32(609.08954), np.float32(1218.6686)]}
text
{'cls_id': 2, 'label': 'text', 'score': 0.501329779624939, 'coordinate': [np.float32(127.52795), np.float32(479.60486), np.float32(493.45212), np.float32(500.73322)]}
text
*** Page 4 ***
{'cls_id': 2, 'label': 'text', 'score': 0.8743308186531067, 'coordinate': [np.float32(236.57007), np.float32(1353.7317), np.float32(383.3208), np.float32(1372.955)]}
text
{'cls_id': 2, 'label': 'text', 'score': 0.8636270761489868, 'coordinate': [np.float32(237.70769), np.float32(1407.5176), np.float32(382.56625), np.float32(1426.4655)]}
text
{'cls_id': 15, 'label': 'footer', 'score': 0.8601665496826172, 'coordinate': [np.float32(125.50713), np.float32(1614.3296), np.float32(322.85297), np.float32(1630.6332)]}
footer
{'cls_id': 2, 'label': 'text', 'score': 0.8484369516372681, 'coordinate': [np.float32(237.76582), np.float32(1461.4496), np.float32(385.31622), np.float32(1480.3907)]}
text
{'cls_id': 2, 'label': 'text', 'score': 0.8454284071922302, 'coordinate': [np.float32(237.94577), np.float32(1514.6626), np.float32(382.9004), np.float32(1533.9006)]}
text
{'cls_id': 2, 'label': 'text', 'score': 0.7778235077857971, 'coordinate': [np.float32(233.68948), np.float32(258.75922), np.float32(333.69388), np.float32(277.77206)]}
text
{'cls_id': 2, 'label': 'text', 'score': 0.771572470664978, 'coordinate': [np.float32(117.94266), np.float32(464.37405), np.float32(880.9345), np.float32(489.0066)]}
text
{'cls_id': 7, 'label': 'formula', 'score': 0.7700663805007935, 'coordinate': [np.float32(591.8395), np.float32(152.69296), np.float32(759.5616), np.float32(174.5308)]}
formula
{'cls_id': 2, 'label': 'text', 'score': 0.7676671743392944, 'coordinate': [np.float32(234.22165), np.float32(306.3032), np.float32(403.64212), np.float32(325.71283)]}
text
{'cls_id': 2, 'label': 'text', 'score': 0.7630103826522827, 'coordinate': [np.float32(233.29517), np.float32(206.86557), np.float32(337.32095), np.float32(226.70529)]}
text
{'cls_id': 2, 'label': 'text', 'score': 0.754271388053894, 'coordinate': [np.float32(118.06806), np.float32(153.16592), np.float32(976.48395), np.float32(176.10762)]}
text
{'cls_id': 3, 'label': 'number', 'score': 0.7387179732322693, 'coordinate': [np.float32(580.72675), np.float32(1615.8289), np.float32(591.3209), np.float32(1629.8875)]}
number
{'cls_id': 2, 'label': 'text', 'score': 0.7264546751976013, 'coordinate': [np.float32(234.39328), np.float32(358.53128), np.float32(402.32666), np.float32(377.3526)]}
text
{'cls_id': 1, 'label': 'image', 'score': 0.7023798227310181, 'coordinate': [np.float32(175.43011), np.float32(518.16125), np.float32(998.4449), np.float32(1143.3668)]}
image
{'cls_id': 2, 'label': 'text', 'score': 0.6227935552597046, 'coordinate': [np.float32(123.190636), np.float32(1249.6237), np.float32(1061.166), np.float32(1323.3604)]}
text
{'cls_id': 7, 'label': 'formula', 'score': 0.5284240245819092, 'coordinate': [np.float32(725.66693), np.float32(463.57715), np.float32(876.8999), np.float32(489.51382)]}
formula
{'cls_id': 1, 'label': 'image', 'score': 0.5056800842285156, 'coordinate': [np.float32(640.9065), np.float32(523.107), np.float32(999.1619), np.float32(808.32324)]}
image
*** Page 5 ***
{'cls_id': 2, 'label': 'text', 'score': 0.91211998462677, 'coordinate': [np.float32(246.2127), np.float32(647.1006), np.float32(498.23953), np.float32(667.7414)]}
text
{'cls_id': 2, 'label': 'text', 'score': 0.9110921621322632, 'coordinate': [np.float32(245.19096), np.float32(598.17236), np.float32(494.07764), np.float32(619.0142)]}
text
{'cls_id': 2, 'label': 'text', 'score': 0.9069001078605652, 'coordinate': [np.float32(246.45035), np.float32(695.9336), np.float32(496.985), np.float32(716.69226)]}
text
{'cls_id': 2, 'label': 'text', 'score': 0.9031252861022949, 'coordinate': [np.float32(245.24498), np.float32(549.53894), np.float32(494.2145), np.float32(570.13654)]}
text
{'cls_id': 2, 'label': 'text', 'score': 0.8488688468933105, 'coordinate': [np.float32(247.3824), np.float32(953.8909), np.float32(379.4109), np.float32(974.019)]}
text
{'cls_id': 2, 'label': 'text', 'score': 0.8221124410629272, 'coordinate': [np.float32(247.89886), np.float32(900.73047), np.float32(380.45453), np.float32(920.89545)]}
text
{'cls_id': 2, 'label': 'text', 'score': 0.7968254089355469, 'coordinate': [np.float32(248.20221), np.float32(1007.3972), np.float32(378.75406), np.float32(1028.5487)]}
text
{'cls_id': 7, 'label': 'formula', 'score': 0.7781909704208374, 'coordinate': [np.float32(554.72595), np.float32(152.01112), np.float32(761.32837), np.float32(173.29358)]}
formula
{'cls_id': 2, 'label': 'text', 'score': 0.7633910179138184, 'coordinate': [np.float32(245.7705), np.float32(203.37917), np.float32(358.04706), np.float32(222.99292)]}
text
{'cls_id': 2, 'label': 'text', 'score': 0.7316991686820984, 'coordinate': [np.float32(245.74507), np.float32(349.14563), np.float32(374.41132), np.float32(368.81577)]}
text
{'cls_id': 2, 'label': 'text', 'score': 0.7223774790763855, 'coordinate': [np.float32(134.10542), np.float32(1184.7054), np.float32(1071.2068), np.float32(1235.3619)]}
text
{'cls_id': 1, 'label': 'image', 'score': 0.7209495902061462, 'coordinate': [np.float32(300.481), np.float32(1260.3838), np.float32(957.17316), np.float32(1377.8894)]}
image
{'cls_id': 2, 'label': 'text', 'score': 0.712775707244873, 'coordinate': [np.float32(248.21242), np.float32(1061.9456), np.float32(378.9475), np.float32(1082.763)]}
text
{'cls_id': 3, 'label': 'number', 'score': 0.6981369256973267, 'coordinate': [np.float32(594.002), np.float32(1616.5756), np.float32(604.22064), np.float32(1631.283)]}
number
{'cls_id': 15, 'label': 'footer', 'score': 0.6910470724105835, 'coordinate': [np.float32(138.35716), np.float32(1616.0294), np.float32(335.0491), np.float32(1633.8132)]}
footer
{'cls_id': 2, 'label': 'text', 'score': 0.6712490320205688, 'coordinate': [np.float32(252.19725), np.float32(1497.8849), np.float32(331.75543), np.float32(1517.732)]}
text
{'cls_id': 2, 'label': 'text', 'score': 0.6684814691543579, 'coordinate': [np.float32(253.001), np.float32(1545.4705), np.float32(332.23868), np.float32(1564.3683)]}
text
{'cls_id': 2, 'label': 'text', 'score': 0.664444088935852, 'coordinate': [np.float32(246.24042), np.float32(251.54654), np.float32(365.3658), np.float32(271.35507)]}
text
{'cls_id': 2, 'label': 'text', 'score': 0.6551111936569214, 'coordinate': [np.float32(251.67902), np.float32(1450.054), np.float32(332.21976), np.float32(1469.5092)]}
text
{'cls_id': 2, 'label': 'text', 'score': 0.6309744119644165, 'coordinate': [np.float32(250.95917), np.float32(1402.9498), np.float32(332.56293), np.float32(1422.267)]}
text
{'cls_id': 2, 'label': 'text', 'score': 0.6139798164367676, 'coordinate': [np.float32(132.48907), np.float32(815.5184), np.float32(1070.583), np.float32(867.95825)]}
text
{'cls_id': 2, 'label': 'text', 'score': 0.5982782244682312, 'coordinate': [np.float32(130.66377), np.float32(151.085), np.float32(883.14667), np.float32(173.13316)]}
text
{'cls_id': 2, 'label': 'text', 'score': 0.5973860621452332, 'coordinate': [np.float32(131.72821), np.float32(473.54303), np.float32(1068.6016), np.float32(521.9774)]}
text
{'cls_id': 0, 'label': 'paragraph_title', 'score': 0.5635946989059448, 'coordinate': [np.float32(131.72821), np.float32(473.54303), np.float32(1068.6016), np.float32(521.9774)]}
paragraph_title
{'cls_id': 15, 'label': 'footer', 'score': 0.5524873733520508, 'coordinate': [np.float32(883.0795), np.float32(1615.5812), np.float32(1045.9701), np.float32(1633.6506)]}
footer
{'cls_id': 0, 'label': 'paragraph_title', 'score': 0.5340737700462341, 'coordinate': [np.float32(132.48907), np.float32(815.5184), np.float32(1070.583), np.float32(867.95825)]}
paragraph_title
{'cls_id': 2, 'label': 'text', 'score': 0.5194762349128723, 'coordinate': [np.float32(167.95596), np.float32(292.7097), np.float32(366.39056), np.float32(320.29645)]}
text
*** Page 6 ***
{'cls_id': 15, 'label': 'footer', 'score': 0.8466228246688843, 'coordinate': [np.float32(127.8712), np.float32(1613.8685), np.float32(324.50223), np.float32(1630.4204)]}
footer
{'cls_id': 1, 'label': 'image', 'score': 0.7862729430198669, 'coordinate': [np.float32(661.57733), np.float32(725.3614), np.float32(1008.3381), np.float32(982.00256)]}
image
{'cls_id': 2, 'label': 'text', 'score': 0.7571277618408203, 'coordinate': [np.float32(125.82028), np.float32(649.56793), np.float32(1061.6044), np.float32(696.65216)]}
text
{'cls_id': 2, 'label': 'text', 'score': 0.7534166574478149, 'coordinate': [np.float32(239.59071), np.float32(885.94855), np.float32(367.66168), np.float32(904.801)]}
text
{'cls_id': 2, 'label': 'text', 'score': 0.7465472221374512, 'coordinate': [np.float32(125.43382), np.float32(1150.2784), np.float32(1058.6257), np.float32(1196.723)]}
text
{'cls_id': 3, 'label': 'number', 'score': 0.7421799898147583, 'coordinate': [np.float32(584.0899), np.float32(1615.4767), np.float32(594.5359), np.float32(1630.2627)]}
number
{'cls_id': 2, 'label': 'text', 'score': 0.7331230640411377, 'coordinate': [np.float32(239.94458), np.float32(832.73737), np.float32(367.85153), np.float32(852.47437)]}
text
{'cls_id': 2, 'label': 'text', 'score': 0.7222033143043518, 'coordinate': [np.float32(240.30823), np.float32(727.9252), np.float32(368.5072), np.float32(747.81714)]}
text
{'cls_id': 2, 'label': 'text', 'score': 0.7031476497650146, 'coordinate': [np.float32(240.14282), np.float32(780.14496), np.float32(367.8543), np.float32(799.8724)]}
text
{'cls_id': 2, 'label': 'text', 'score': 0.6935751438140869, 'coordinate': [np.float32(240.46039), np.float32(1377.6442), np.float32(347.0356), np.float32(1396.2125)]}
text
{'cls_id': 2, 'label': 'text', 'score': 0.667525589466095, 'coordinate': [np.float32(241.97626), np.float32(343.4489), np.float32(362.22083), np.float32(363.41534)]}
text
{'cls_id': 2, 'label': 'text', 'score': 0.6632604598999023, 'coordinate': [np.float32(241.20976), np.float32(437.52435), np.float32(431.37335), np.float32(457.53217)]}
text
{'cls_id': 2, 'label': 'text', 'score': 0.6596366763114929, 'coordinate': [np.float32(240.72922), np.float32(390.15015), np.float32(425.20663), np.float32(410.2842)]}
text
{'cls_id': 7, 'label': 'formula', 'score': 0.6398140788078308, 'coordinate': [np.float32(664.6617), np.float32(652.0848), np.float32(764.4688), np.float32(672.51514)]}
formula
{'cls_id': 1, 'label': 'image', 'score': 0.6378945112228394, 'coordinate': [np.float32(615.7664), np.float32(204.868), np.float32(1000.2894), np.float32(421.7406)]}
image
{'cls_id': 2, 'label': 'text', 'score': 0.6347798109054565, 'coordinate': [np.float32(241.99838), np.float32(296.30884), np.float32(356.21045), np.float32(316.1657)]}
text
{'cls_id': 7, 'label': 'formula', 'score': 0.6306443214416504, 'coordinate': [np.float32(816.1593), np.float32(1152.2395), np.float32(892.50793), np.float32(1171.1194)]}
formula
{'cls_id': 1, 'label': 'image', 'score': 0.6240319013595581, 'coordinate': [np.float32(616.36456), np.float32(205.01045), np.float32(1000.20294), np.float32(421.16702)]}
image
{'cls_id': 7, 'label': 'formula', 'score': 0.6189448833465576, 'coordinate': [np.float32(935.2548), np.float32(1151.9646), np.float32(1051.5669), np.float32(1171.9213)]}
formula
{'cls_id': 2, 'label': 'text', 'score': 0.6156124472618103, 'coordinate': [np.float32(240.85278), np.float32(1279.9219), np.float32(344.74207), np.float32(1300.2657)]}
text
{'cls_id': 2, 'label': 'text', 'score': 0.6122130155563354, 'coordinate': [np.float32(240.97174), np.float32(1328.5854), np.float32(347.0832), np.float32(1348.6547)]}
text
{'cls_id': 0, 'label': 'paragraph_title', 'score': 0.5732704997062683, 'coordinate': [np.float32(128.29932), np.float32(148.71954), np.float32(679.07855), np.float32(169.46019)]}
paragraph_title
{'cls_id': 2, 'label': 'text', 'score': 0.5723264217376709, 'coordinate': [np.float32(128.29932), np.float32(148.71954), np.float32(679.07855), np.float32(169.46019)]}
text
{'cls_id': 2, 'label': 'text', 'score': 0.5584743022918701, 'coordinate': [np.float32(240.50218), np.float32(1232.6954), np.float32(348.3269), np.float32(1251.1273)]}
text
{'cls_id': 2, 'label': 'text', 'score': 0.5432243347167969, 'coordinate': [np.float32(202.60115), np.float32(195.71973), np.float32(346.31863), np.float32(214.54755)]}
text
{'cls_id': 7, 'label': 'formula', 'score': 0.5334436893463135, 'coordinate': [np.float32(542.1124), np.float32(652.2231), np.float32(607.95013), np.float32(669.9088)]}
formula
{'cls_id': 7, 'label': 'formula', 'score': 0.5223606824874878, 'coordinate': [np.float32(950.1481), np.float32(652.4042), np.float32(1022.07684), np.float32(671.7878)]}
formula
{'cls_id': 7, 'label': 'formula', 'score': 0.5119438171386719, 'coordinate': [np.float32(243.59688), np.float32(249.28784), np.float32(341.52127), np.float32(266.42056)]}
formula
{'cls_id': 7, 'label': 'formula', 'score': 0.5065301656723022, 'coordinate': [np.float32(949.995), np.float32(652.6023), np.float32(1048.927), np.float32(672.27094)]}
formula
*** Page 7 ***
{'cls_id': 1, 'label': 'image', 'score': 0.9052665829658508, 'coordinate': [np.float32(748.1982), np.float32(685.0879), np.float32(1014.7022), np.float32(1015.99316)]}
image
{'cls_id': 2, 'label': 'text', 'score': 0.8969098925590515, 'coordinate': [np.float32(204.2299), np.float32(713.034), np.float32(590.4489), np.float32(733.7519)]}
text
{'cls_id': 2, 'label': 'text', 'score': 0.8871791362762451, 'coordinate': [np.float32(204.40314), np.float32(743.3726), np.float32(629.67004), np.float32(763.0577)]}
text
{'cls_id': 2, 'label': 'text', 'score': 0.8857951164245605, 'coordinate': [np.float32(204.18082), np.float32(682.5694), np.float32(558.3646), np.float32(703.0633)]}
text
{'cls_id': 15, 'label': 'footer', 'score': 0.8678624033927917, 'coordinate': [np.float32(139.41806), np.float32(1614.6053), np.float32(335.4911), np.float32(1631.9916)]}
footer
{'cls_id': 2, 'label': 'text', 'score': 0.8239798545837402, 'coordinate': [np.float32(246.76024), np.float32(890.4065), np.float32(431.32355), np.float32(910.49457)]}
text
{'cls_id': 2, 'label': 'text', 'score': 0.7897942066192627, 'coordinate': [np.float32(245.08522), np.float32(796.4623), np.float32(361.8889), np.float32(816.30176)]}
text
{'cls_id': 2, 'label': 'text', 'score': 0.7831070423126221, 'coordinate': [np.float32(246.79234), np.float32(843.6302), np.float32(368.57925), np.float32(863.8447)]}
text
{'cls_id': 2, 'label': 'text', 'score': 0.764918327331543, 'coordinate': [np.float32(246.8777), np.float32(937.8907), np.float32(437.13092), np.float32(957.5006)]}
text
{'cls_id': 3, 'label': 'number', 'score': 0.746587872505188, 'coordinate': [np.float32(593.846), np.float32(1613.7113), np.float32(604.4424), np.float32(1629.6201)]}
number
{'cls_id': 2, 'label': 'text', 'score': 0.6642175912857056, 'coordinate': [np.float32(250.05699), np.float32(1293.0951), np.float32(345.6498), np.float32(1312.3539)]}
text
{'cls_id': 2, 'label': 'text', 'score': 0.654810905456543, 'coordinate': [np.float32(131.77213), np.float32(1171.675), np.float32(1067.86), np.float32(1216.3948)]}
text
{'cls_id': 2, 'label': 'text', 'score': 0.6437239646911621, 'coordinate': [np.float32(130.48228), np.float32(595.75146), np.float32(1064.3846), np.float32(651.5276)]}
text
{'cls_id': 1, 'label': 'image', 'score': 0.6423805952072144, 'coordinate': [np.float32(241.43666), np.float32(201.587), np.float32(1013.9141), np.float32(437.41605)]}
image
{'cls_id': 2, 'label': 'text', 'score': 0.6169694066047668, 'coordinate': [np.float32(251.93329), np.float32(1389.8093), np.float32(346.84015), np.float32(1409.0287)]}
text
{'cls_id': 2, 'label': 'text', 'score': 0.6141844987869263, 'coordinate': [np.float32(128.69423), np.float32(150.68219), np.float32(686.2874), np.float32(172.4821)]}
text
{'cls_id': 2, 'label': 'text', 'score': 0.6135307550430298, 'coordinate': [np.float32(251.77548), np.float32(1340.9574), np.float32(345.22318), np.float32(1361.2827)]}
text
{'cls_id': 2, 'label': 'text', 'score': 0.6128755807876587, 'coordinate': [np.float32(245.52184), np.float32(373.6312), np.float32(375.28244), np.float32(399.1923)]}
text
{'cls_id': 15, 'label': 'footer', 'score': 0.6112712621688843, 'coordinate': [np.float32(881.5922), np.float32(1613.1055), np.float32(1045.516), np.float32(1630.6272)]}
footer
{'cls_id': 7, 'label': 'formula', 'score': 0.6048424243927002, 'coordinate': [np.float32(907.28656), np.float32(595.8284), np.float32(1007.6459), np.float32(615.2711)]}
formula
{'cls_id': 2, 'label': 'text', 'score': 0.5959681868553162, 'coordinate': [np.float32(243.14778), np.float32(258.43277), np.float32(375.82413), np.float32(281.534)]}
text
{'cls_id': 2, 'label': 'text', 'score': 0.5940926671028137, 'coordinate': [np.float32(244.0623), np.float32(315.78632), np.float32(375.73386), np.float32(340.7593)]}
text
{'cls_id': 1, 'label': 'image', 'score': 0.584923267364502, 'coordinate': [np.float32(529.339), np.float32(1245.1678), np.float32(1013.8389), np.float32(1440.1719)]}
image
{'cls_id': 2, 'label': 'text', 'score': 0.5808203220367432, 'coordinate': [np.float32(243.10527), np.float32(200.05447), np.float32(376.5017), np.float32(223.56514)]}
text
{'cls_id': 2, 'label': 'text', 'score': 0.5717647075653076, 'coordinate': [np.float32(249.74527), np.float32(1244.9183), np.float32(344.24173), np.float32(1264.2184)]}
text
{'cls_id': 7, 'label': 'formula', 'score': 0.5462459325790405, 'coordinate': [np.float32(754.23566), np.float32(596.37964), np.float32(820.2459), np.float32(615.534)]}
formula
{'cls_id': 0, 'label': 'paragraph_title', 'score': 0.5418755412101746, 'coordinate': [np.float32(130.48228), np.float32(595.75146), np.float32(1064.3846), np.float32(651.5276)]}
paragraph_title
{'cls_id': 0, 'label': 'paragraph_title', 'score': 0.5265457630157471, 'coordinate': [np.float32(131.77213), np.float32(1171.675), np.float32(1067.86), np.float32(1216.3948)]}
paragraph_title
{'cls_id': 0, 'label': 'paragraph_title', 'score': 0.5261389017105103, 'coordinate': [np.float32(128.69423), np.float32(150.68219), np.float32(686.2874), np.float32(172.4821)]}
paragraph_title
{'cls_id': 18, 'label': 'chart', 'score': 0.5144020318984985, 'coordinate': [np.float32(241.43666), np.float32(201.587), np.float32(1013.9141), np.float32(437.41605)]}
chart
*** Page 8 ***
{'cls_id': 1, 'label': 'image', 'score': 0.9269312024116516, 'coordinate': [np.float32(711.8536), np.float32(1210.9089), np.float32(1005.01886), np.float32(1493.8085)]}
image
{'cls_id': 15, 'label': 'footer', 'score': 0.8726865649223328, 'coordinate': [np.float32(122.01375), np.float32(1611.8273), np.float32(318.26877), np.float32(1627.9364)]}
footer
{'cls_id': 1, 'label': 'image', 'score': 0.7706940770149231, 'coordinate': [np.float32(612.4801), np.float32(679.1965), np.float32(1002.40607), np.float32(999.9293)]}
image
{'cls_id': 3, 'label': 'number', 'score': 0.7552287578582764, 'coordinate': [np.float32(577.64795), np.float32(1613.9744), np.float32(588.0769), np.float32(1628.66)]}
number
{'cls_id': 2, 'label': 'text', 'score': 0.7226141691207886, 'coordinate': [np.float32(118.576096), np.float32(603.6394), np.float32(1057.035), np.float32(647.75146)]}
text
{'cls_id': 1, 'label': 'image', 'score': 0.7148598432540894, 'coordinate': [np.float32(661.2723), np.float32(180.63155), np.float32(1005.4577), np.float32(429.18387)]}
image
{'cls_id': 2, 'label': 'text', 'score': 0.7063659429550171, 'coordinate': [np.float32(118.80546), np.float32(1132.984), np.float32(1056.8558), np.float32(1176.2651)]}
text
{'cls_id': 2, 'label': 'text', 'score': 0.7027114033699036, 'coordinate': [np.float32(234.70308), np.float32(1204.005), np.float32(316.47757), np.float32(1222.7872)]}
text
{'cls_id': 2, 'label': 'text', 'score': 0.6997251510620117, 'coordinate': [np.float32(235.3026), np.float32(1251.563), np.float32(314.63257), np.float32(1270.3655)]}
text
{'cls_id': 2, 'label': 'text', 'score': 0.6888470649719238, 'coordinate': [np.float32(235.6251), np.float32(1346.2959), np.float32(315.08282), np.float32(1364.336)]}
text
{'cls_id': 2, 'label': 'text', 'score': 0.6770516633987427, 'coordinate': [np.float32(236.55641), np.float32(243.28117), np.float32(471.78366), np.float32(262.72968)]}
text
{'cls_id': 2, 'label': 'text', 'score': 0.6602541208267212, 'coordinate': [np.float32(236.12256), np.float32(1298.5013), np.float32(314.84036), np.float32(1317.2356)]}
text
{'cls_id': 7, 'label': 'formula', 'score': 0.6574333310127258, 'coordinate': [np.float32(375.7271), np.float32(627.2228), np.float32(494.11627), np.float32(647.2167)]}
formula
{'cls_id': 2, 'label': 'text', 'score': 0.6284788846969604, 'coordinate': [np.float32(235.6071), np.float32(824.7557), np.float32(338.54224), np.float32(843.7369)]}
text
{'cls_id': 2, 'label': 'text', 'score': 0.6186723709106445, 'coordinate': [np.float32(237.05426), np.float32(292.2422), np.float32(470.85022), np.float32(312.20688)]}
text
{'cls_id': 2, 'label': 'text', 'score': 0.610440194606781, 'coordinate': [np.float32(236.38287), np.float32(193.59631), np.float32(469.89084), np.float32(214.01717)]}
text
{'cls_id': 2, 'label': 'text', 'score': 0.5910024642944336, 'coordinate': [np.float32(236.29663), np.float32(342.0422), np.float32(467.79282), np.float32(362.0288)]}
text
{'cls_id': 7, 'label': 'formula', 'score': 0.5836315751075745, 'coordinate': [np.float32(301.30286), np.float32(194.22464), np.float32(462.74762), np.float32(213.54771)]}
formula
{'cls_id': 2, 'label': 'text', 'score': 0.5827956199645996, 'coordinate': [np.float32(235.25578), np.float32(679.2505), np.float32(341.56174), np.float32(698.543)]}
text
{'cls_id': 0, 'label': 'paragraph_title', 'score': 0.5785259008407593, 'coordinate': [np.float32(121.020065), np.float32(145.5122), np.float32(346.64044), np.float32(165.76424)]}
paragraph_title
{'cls_id': 2, 'label': 'text', 'score': 0.5771805047988892, 'coordinate': [np.float32(236.25389), np.float32(775.8511), np.float32(341.31393), np.float32(795.9511)]}
text
{'cls_id': 2, 'label': 'text', 'score': 0.5693569779396057, 'coordinate': [np.float32(235.516), np.float32(727.23047), np.float32(343.14645), np.float32(747.6113)]}
text
{'cls_id': 2, 'label': 'text', 'score': 0.5529310703277588, 'coordinate': [np.float32(121.020065), np.float32(145.5122), np.float32(346.64044), np.float32(165.76424)]}
text
{'cls_id': 7, 'label': 'formula', 'score': 0.5032578706741333, 'coordinate': [np.float32(301.2671), np.float32(293.5457), np.float32(466.5256), np.float32(311.67493)]}
formula
*** Page 9 ***
{'cls_id': 2, 'label': 'text', 'score': 0.9127957224845886, 'coordinate': [np.float32(239.10251), np.float32(296.97577), np.float32(683.23346), np.float32(318.80066)]}
text
{'cls_id': 2, 'label': 'text', 'score': 0.9094727039337158, 'coordinate': [np.float32(238.79076), np.float32(248.92406), np.float32(654.0248), np.float32(270.434)]}
text
{'cls_id': 2, 'label': 'text', 'score': 0.8950144648551941, 'coordinate': [np.float32(239.33081), np.float32(344.2868), np.float32(656.8349), np.float32(366.43503)]}
text
{'cls_id': 2, 'label': 'text', 'score': 0.8899645209312439, 'coordinate': [np.float32(239.3635), np.float32(201.4806), np.float32(488.89584), np.float32(221.52031)]}
text
{'cls_id': 2, 'label': 'text', 'score': 0.8724110722541809, 'coordinate': [np.float32(237.08041), np.float32(1355.898), np.float32(424.70227), np.float32(1377.138)]}
text
{'cls_id': 2, 'label': 'text', 'score': 0.8702991604804993, 'coordinate': [np.float32(197.82057), np.float32(1233.2999), np.float32(454.50623), np.float32(1252.1132)]}
text
{'cls_id': 15, 'label': 'footer', 'score': 0.8621444702148438, 'coordinate': [np.float32(125.34477), np.float32(1613.9967), np.float32(320.98782), np.float32(1630.7441)]}
footer
{'cls_id': 2, 'label': 'text', 'score': 0.8589342832565308, 'coordinate': [np.float32(196.59007), np.float32(1258.2888), np.float32(635.0074), np.float32(1279.8281)]}
text
{'cls_id': 2, 'label': 'text', 'score': 0.8558079600334167, 'coordinate': [np.float32(236.33975), np.float32(1308.7738), np.float32(417.9986), np.float32(1329.3875)]}
text
{'cls_id': 2, 'label': 'text', 'score': 0.8525287508964539, 'coordinate': [np.float32(237.90778), np.float32(1403.3113), np.float32(430.16086), np.float32(1425.4888)]}
text
{'cls_id': 7, 'label': 'formula', 'score': 0.83954256772995, 'coordinate': [np.float32(446.71234), np.float32(1154.6033), np.float32(698.2346), np.float32(1178.848)]}
formula
{'cls_id': 2, 'label': 'text', 'score': 0.8135776519775391, 'coordinate': [np.float32(238.48526), np.float32(1451.1132), np.float32(412.01117), np.float32(1471.5409)]}
text
{'cls_id': 2, 'label': 'text', 'score': 0.7921102643013, 'coordinate': [np.float32(237.65903), np.float32(938.3108), np.float32(320.51736), np.float32(958.0947)]}
text
{'cls_id': 2, 'label': 'text', 'score': 0.7856619358062744, 'coordinate': [np.float32(197.67764), np.float32(1208.192), np.float32(435.57373), np.float32(1227.8601)]}
text
{'cls_id': 3, 'label': 'number', 'score': 0.7511633634567261, 'coordinate': [np.float32(579.9126), np.float32(1616.4603), np.float32(590.8783), np.float32(1631.951)]}
number
{'cls_id': 2, 'label': 'text', 'score': 0.7469455003738403, 'coordinate': [np.float32(238.74348), np.float32(643.1372), np.float32(320.9515), np.float32(663.04895)]}
text
{'cls_id': 2, 'label': 'text', 'score': 0.7414910793304443, 'coordinate': [np.float32(238.55777), np.float32(985.3099), np.float32(319.97076), np.float32(1005.4233)]}
text
{'cls_id': 2, 'label': 'text', 'score': 0.7388054728507996, 'coordinate': [np.float32(239.1629), np.float32(591.4054), np.float32(342.76883), np.float32(610.0252)]}
text
{'cls_id': 2, 'label': 'text', 'score': 0.7266497611999512, 'coordinate': [np.float32(236.89864), np.float32(891.85254), np.float32(320.77063), np.float32(910.6099)]}
text
{'cls_id': 2, 'label': 'text', 'score': 0.7189059257507324, 'coordinate': [np.float32(238.4125), np.float32(1033.3239), np.float32(318.72192), np.float32(1052.2084)]}
text
{'cls_id': 2, 'label': 'text', 'score': 0.7046946287155151, 'coordinate': [np.float32(238.36404), np.float32(543.60846), np.float32(349.31317), np.float32(563.23645)]}
text
{'cls_id': 7, 'label': 'formula', 'score': 0.7018296718597412, 'coordinate': [np.float32(317.5049), np.float32(839.9392), np.float32(404.3353), np.float32(861.0744)]}
formula
{'cls_id': 2, 'label': 'text', 'score': 0.6956948041915894, 'coordinate': [np.float32(239.19876), np.float32(690.7397), np.float32(330.5879), np.float32(709.6846)]}
text
{'cls_id': 7, 'label': 'formula', 'score': 0.6956237554550171, 'coordinate': [np.float32(536.6831), np.float32(467.38553), np.float32(654.2393), np.float32(488.19855)]}
formula
{'cls_id': 15, 'label': 'footer', 'score': 0.6702499389648438, 'coordinate': [np.float32(870.7112), np.float32(1616.6782), np.float32(1031.5338), np.float32(1635.1569)]}
footer
{'cls_id': 7, 'label': 'formula', 'score': 0.6578406095504761, 'coordinate': [np.float32(501.4263), np.float32(840.90466), np.float32(581.25507), np.float32(860.3524)]}
formula
{'cls_id': 0, 'label': 'paragraph_title', 'score': 0.6400640606880188, 'coordinate': [np.float32(122.388885), np.float32(464.88663), np.float32(1060.4043), np.float32(516.1442)]}
paragraph_title
{'cls_id': 0, 'label': 'paragraph_title', 'score': 0.6365034580230713, 'coordinate': [np.float32(123.69491), np.float32(148.93117), np.float32(1021.2241), np.float32(172.6084)]}
paragraph_title
{'cls_id': 2, 'label': 'text', 'score': 0.597687840461731, 'coordinate': [np.float32(121.4875), np.float32(809.5295), np.float32(1059.9288), np.float32(861.24493)]}
text
{'cls_id': 2, 'label': 'text', 'score': 0.5868115425109863, 'coordinate': [np.float32(121.114235), np.float32(1155.3622), np.float32(982.92615), np.float32(1179.2878)]}
text
{'cls_id': 7, 'label': 'formula', 'score': 0.5863631963729858, 'coordinate': [np.float32(391.9768), np.float32(467.39914), np.float32(480.9297), np.float32(485.61124)]}
formula
{'cls_id': 7, 'label': 'formula', 'score': 0.576261043548584, 'coordinate': [np.float32(566.675), np.float32(1259.8275), np.float32(625.1618), np.float32(1281.0924)]}
formula
{'cls_id': 0, 'label': 'paragraph_title', 'score': 0.5725342035293579, 'coordinate': [np.float32(121.4875), np.float32(809.5295), np.float32(1059.9288), np.float32(861.24493)]}
paragraph_title
{'cls_id': 7, 'label': 'formula', 'score': 0.5532490015029907, 'coordinate': [np.float32(560.77716), np.float32(812.6328), np.float32(620.80096), np.float32(834.15063)]}
formula
{'cls_id': 2, 'label': 'text', 'score': 0.5403939485549927, 'coordinate': [np.float32(122.388885), np.float32(464.88663), np.float32(1060.4043), np.float32(516.1442)]}
text
{'cls_id': 0, 'label': 'paragraph_title', 'score': 0.5083256959915161, 'coordinate': [np.float32(121.114235), np.float32(1155.3622), np.float32(982.92615), np.float32(1179.2878)]}
paragraph_title
*** Page 10 ***
{'cls_id': 8, 'label': 'table', 'score': 0.9476744532585144, 'coordinate': [np.float32(244.72537), np.float32(701.36584), np.float32(930.6271), np.float32(773.65186)]}
table
{'cls_id': 15, 'label': 'footer', 'score': 0.8574166297912598, 'coordinate': [np.float32(121.390434), np.float32(1614.4193), np.float32(326.53674), np.float32(1630.707)]}
footer
{'cls_id': 2, 'label': 'text', 'score': 0.8163366317749023, 'coordinate': [np.float32(172.77176), np.float32(1224.5466), np.float32(1054.9242), np.float32(1265.3696)]}
text
{'cls_id': 3, 'label': 'number', 'score': 0.7975307106971741, 'coordinate': [np.float32(571.83594), np.float32(1615.8767), np.float32(591.7663), np.float32(1631.3655)]}
number
{'cls_id': 2, 'label': 'text', 'score': 0.7477748990058899, 'coordinate': [np.float32(173.59717), np.float32(798.45135), np.float32(645.153), np.float32(819.82324)]}
text
{'cls_id': 2, 'label': 'text', 'score': 0.7171338796615601, 'coordinate': [np.float32(232.9864), np.float32(1294.7686), np.float32(324.71878), np.float32(1313.8782)]}
text
{'cls_id': 2, 'label': 'text', 'score': 0.7068588137626648, 'coordinate': [np.float32(117.59129), np.float32(149.87903), np.float32(1054.2662), np.float32(202.58864)]}
text
{'cls_id': 0, 'label': 'paragraph_title', 'score': 0.700090765953064, 'coordinate': [np.float32(117.29653), np.float32(1128.8038), np.float32(407.94763), np.float32(1148.7488)]}
paragraph_title
{'cls_id': 2, 'label': 'text', 'score': 0.6955946683883667, 'coordinate': [np.float32(232.70374), np.float32(1341.8666), np.float32(323.86768), np.float32(1361.1046)]}
text
{'cls_id': 2, 'label': 'text', 'score': 0.6788849830627441, 'coordinate': [np.float32(233.72958), np.float32(236.4422), np.float32(313.91537), np.float32(280.12888)]}
text
{'cls_id': 2, 'label': 'text', 'score': 0.6648143529891968, 'coordinate': [np.float32(232.51613), np.float32(1435.871), np.float32(324.06204), np.float32(1455.5781)]}
text
{'cls_id': 2, 'label': 'text', 'score': 0.6579362750053406, 'coordinate': [np.float32(233.00505), np.float32(940.8124), np.float32(313.30252), np.float32(959.22186)]}
text
{'cls_id': 2, 'label': 'text', 'score': 0.6573883295059204, 'coordinate': [np.float32(232.212), np.float32(462.60992), np.float32(322.002), np.float32(508.91446)]}
text
{'cls_id': 2, 'label': 'text', 'score': 0.6570082306861877, 'coordinate': [np.float32(233.45467), np.float32(312.8689), np.float32(313.34415), np.float32(356.5519)]}
text
{'cls_id': 2, 'label': 'text', 'score': 0.651516318321228, 'coordinate': [np.float32(233.0037), np.float32(893.0433), np.float32(312.1111), np.float32(911.7141)]}
text
{'cls_id': 2, 'label': 'text', 'score': 0.6389217376708984, 'coordinate': [np.float32(232.8759), np.float32(387.50278), np.float32(312.45578), np.float32(431.16144)]}
text
{'cls_id': 2, 'label': 'text', 'score': 0.6284278631210327, 'coordinate': [np.float32(233.45377), np.float32(1388.9927), np.float32(324.52243), np.float32(1408.9109)]}
text
{'cls_id': 2, 'label': 'text', 'score': 0.6133695244789124, 'coordinate': [np.float32(115.90846), np.float32(632.6015), np.float32(1053.9213), np.float32(677.30756)]}
text
{'cls_id': 2, 'label': 'text', 'score': 0.6050987243652344, 'coordinate': [np.float32(233.54178), np.float32(988.2384), np.float32(312.4104), np.float32(1006.10565)]}
text
{'cls_id': 2, 'label': 'text', 'score': 0.5930182933807373, 'coordinate': [np.float32(232.86856), np.float32(845.95526), np.float32(314.49203), np.float32(865.7398)]}
text
{'cls_id': 0, 'label': 'paragraph_title', 'score': 0.5043895244598389, 'coordinate': [np.float32(117.59129), np.float32(149.87903), np.float32(1054.2662), np.float32(202.58864)]}
paragraph_title
*** Page 11 ***
{'cls_id': 15, 'label': 'footer', 'score': 0.8640453815460205, 'coordinate': [np.float32(123.167274), np.float32(1616.2458), np.float32(327.51648), np.float32(1632.6407)]}
footer
{'cls_id': 1, 'label': 'image', 'score': 0.8187227845191956, 'coordinate': [np.float32(674.51776), np.float32(706.8059), np.float32(1011.2269), np.float32(965.1703)]}
image
{'cls_id': 2, 'label': 'text', 'score': 0.8080540895462036, 'coordinate': [np.float32(237.10739), np.float32(384.1157), np.float32(386.25174), np.float32(406.00714)]}
text
{'cls_id': 2, 'label': 'text', 'score': 0.7933979034423828, 'coordinate': [np.float32(237.33926), np.float32(330.36548), np.float32(358.75928), np.float32(353.16077)]}
text
{'cls_id': 3, 'label': 'number', 'score': 0.7755810022354126, 'coordinate': [np.float32(574.507), np.float32(1618.2925), np.float32(592.0478), np.float32(1632.906)]}
number
{'cls_id': 2, 'label': 'text', 'score': 0.7507874965667725, 'coordinate': [np.float32(237.34975), np.float32(436.4248), np.float32(390.45804), np.float32(460.24683)]}
text
{'cls_id': 2, 'label': 'text', 'score': 0.7338263392448425, 'coordinate': [np.float32(236.93599), np.float32(276.77664), np.float32(347.23355), np.float32(300.24042)]}
text
{'cls_id': 2, 'label': 'text', 'score': 0.7268340587615967, 'coordinate': [np.float32(236.50569), np.float32(738.4), np.float32(339.1263), np.float32(783.6941)]}
text
{'cls_id': 2, 'label': 'text', 'score': 0.7164981365203857, 'coordinate': [np.float32(235.71272), np.float32(688.6385), np.float32(336.84833), np.float32(709.12036)]}
text
{'cls_id': 2, 'label': 'text', 'score': 0.7116879224777222, 'coordinate': [np.float32(235.45793), np.float32(887.7966), np.float32(324.56876), np.float32(908.2293)]}
text
{'cls_id': 2, 'label': 'text', 'score': 0.7062948942184448, 'coordinate': [np.float32(235.5658), np.float32(1252.1002), np.float32(486.2698), np.float32(1275.1945)]}
text
{'cls_id': 2, 'label': 'text', 'score': 0.700546145439148, 'coordinate': [np.float32(122.92347), np.float32(150.95967), np.float32(207.92224), np.float32(168.25876)]}
text
{'cls_id': 2, 'label': 'text', 'score': 0.6992083787918091, 'coordinate': [np.float32(236.69458), np.float32(1359.7263), np.float32(488.58084), np.float32(1382.8905)]}
text
{'cls_id': 2, 'label': 'text', 'score': 0.6826077699661255, 'coordinate': [np.float32(236.79422), np.float32(813.4457), np.float32(329.57858), np.float32(860.49945)]}
text
{'cls_id': 2, 'label': 'text', 'score': 0.6658581495285034, 'coordinate': [np.float32(236.25449), np.float32(1304.9152), np.float32(487.3189), np.float32(1328.3889)]}
text
{'cls_id': 2, 'label': 'text', 'score': 0.6606757044792175, 'coordinate': [np.float32(237.1417), np.float32(1412.9508), np.float32(489.09198), np.float32(1436.419)]}
text
{'cls_id': 0, 'label': 'paragraph_title', 'score': 0.6336154341697693, 'coordinate': [np.float32(122.13423), np.float32(223.4506), np.float32(567.0463), np.float32(247.0415)]}
paragraph_title
{'cls_id': 0, 'label': 'paragraph_title', 'score': 0.6277303099632263, 'coordinate': [np.float32(120.18586), np.float32(1196.2727), np.float32(364.69766), np.float32(1219.5421)]}
paragraph_title
{'cls_id': 2, 'label': 'text', 'score': 0.5663228034973145, 'coordinate': [np.float32(120.51367), np.float32(635.94916), np.float32(980.2953), np.float32(659.65)]}
text
{'cls_id': 0, 'label': 'paragraph_title', 'score': 0.5591530203819275, 'coordinate': [np.float32(120.51367), np.float32(635.94916), np.float32(980.2953), np.float32(659.65)]}
paragraph_title
{'cls_id': 15, 'label': 'footer', 'score': 0.5516759157180786, 'coordinate': [np.float32(854.0143), np.float32(1615.7648), np.float32(1039.6211), np.float32(1638.7944)]}
footer
{'cls_id': 7, 'label': 'formula', 'score': 0.5380616784095764, 'coordinate': [np.float32(810.0249), np.float32(638.5571), np.float32(875.50415), np.float32(660.50836)]}
formula
*** Page 12 ***
{'cls_id': 2, 'label': 'text', 'score': 0.90818852186203, 'coordinate': [np.float32(200.8908), np.float32(284.81754), np.float32(748.1271), np.float32(330.95755)]}
text
{'cls_id': 2, 'label': 'text', 'score': 0.9041569232940674, 'coordinate': [np.float32(200.29596), np.float32(254.2932), np.float32(643.98047), np.float32(275.81244)]}
text
{'cls_id': 2, 'label': 'text', 'score': 0.8967598080635071, 'coordinate': [np.float32(200.31827), np.float32(1302.3317), np.float32(810.87256), np.float32(1325.2097)]}
text
{'cls_id': 2, 'label': 'text', 'score': 0.8948062658309937, 'coordinate': [np.float32(236.69913), np.float32(406.06015), np.float32(359.6868), np.float32(426.58075)]}
text
{'cls_id': 2, 'label': 'text', 'score': 0.8904036283493042, 'coordinate': [np.float32(236.90524), np.float32(453.16803), np.float32(422.69452), np.float32(473.69043)]}
text
{'cls_id': 2, 'label': 'text', 'score': 0.886849582195282, 'coordinate': [np.float32(238.53389), np.float32(1399.1335), np.float32(361.4559), np.float32(1420.0767)]}
text
{'cls_id': 2, 'label': 'text', 'score': 0.8841677308082581, 'coordinate': [np.float32(239.03247), np.float32(1446.002), np.float32(424.19614), np.float32(1467.534)]}
text
{'cls_id': 2, 'label': 'text', 'score': 0.8826259970664978, 'coordinate': [np.float32(237.99171), np.float32(1353.135), np.float32(355.05487), np.float32(1372.4807)]}
text
{'cls_id': 2, 'label': 'text', 'score': 0.8820962905883789, 'coordinate': [np.float32(199.44234), np.float32(224.53154), np.float32(441.90408), np.float32(244.9759)]}
text
{'cls_id': 2, 'label': 'text', 'score': 0.8758296370506287, 'coordinate': [np.float32(201.36697), np.float32(1276.0117), np.float32(705.03046), np.float32(1295.5035)]}
text
{'cls_id': 15, 'label': 'footer', 'score': 0.8733200430870056, 'coordinate': [np.float32(125.876175), np.float32(1615.4316), np.float32(330.92734), np.float32(1632.3467)]}
footer
{'cls_id': 2, 'label': 'text', 'score': 0.8639751672744751, 'coordinate': [np.float32(200.89653), np.float32(1251.3412), np.float32(641.9275), np.float32(1271.8091)]}
text
{'cls_id': 2, 'label': 'text', 'score': 0.861871600151062, 'coordinate': [np.float32(239.16803), np.float32(1493.301), np.float32(430.81967), np.float32(1514.7344)]}
text
{'cls_id': 2, 'label': 'text', 'score': 0.8596502542495728, 'coordinate': [np.float32(236.62997), np.float32(359.32944), np.float32(353.80005), np.float32(379.30142)]}
text
{'cls_id': 2, 'label': 'text', 'score': 0.8503311276435852, 'coordinate': [np.float32(121.496376), np.float32(151.35077), np.float32(963.3759), np.float32(200.67506)]}
text
{'cls_id': 2, 'label': 'text', 'score': 0.8443666696548462, 'coordinate': [np.float32(237.49922), np.float32(500.44153), np.float32(427.32196), np.float32(520.57227)]}
text
{'cls_id': 3, 'label': 'number', 'score': 0.8021042346954346, 'coordinate': [np.float32(578.5731), np.float32(1615.907), np.float32(596.5512), np.float32(1632.4349)]}
number
{'cls_id': 18, 'label': 'chart', 'score': 0.7424651384353638, 'coordinate': [np.float32(633.9141), np.float32(704.79926), np.float32(1039.4258), np.float32(1085.6592)]}
chart
{'cls_id': 2, 'label': 'text', 'score': 0.7221736311912537, 'coordinate': [np.float32(237.04184), np.float32(700.9951), np.float32(312.98746), np.float32(721.1767)]}
text
{'cls_id': 2, 'label': 'text', 'score': 0.7083116769790649, 'coordinate': [np.float32(238.08171), np.float32(748.6769), np.float32(313.71252), np.float32(769.59705)]}
text
{'cls_id': 2, 'label': 'text', 'score': 0.7069398164749146, 'coordinate': [np.float32(238.04643), np.float32(843.5439), np.float32(310.22202), np.float32(863.39264)]}
text
{'cls_id': 2, 'label': 'text', 'score': 0.689801812171936, 'coordinate': [np.float32(238.75684), np.float32(795.77734), np.float32(312.1699), np.float32(816.22217)]}
text
{'cls_id': 2, 'label': 'text', 'score': 0.6883141994476318, 'coordinate': [np.float32(121.70636), np.float32(1175.8152), np.float32(1059.6473), np.float32(1221.4838)]}
text
{'cls_id': 7, 'label': 'formula', 'score': 0.6766551733016968, 'coordinate': [np.float32(737.12085), np.float32(1178.0258), np.float32(810.7079), np.float32(1199.1044)]}
formula
{'cls_id': 2, 'label': 'text', 'score': 0.6698533296585083, 'coordinate': [np.float32(120.90255), np.float32(618.8455), np.float32(1057.588), np.float32(671.08777)]}
text
{'cls_id': 7, 'label': 'formula', 'score': 0.6558939218521118, 'coordinate': [np.float32(741.5424), np.float32(1301.5953), np.float32(804.95355), np.float32(1324.0968)]}
formula
{'cls_id': 7, 'label': 'formula', 'score': 0.6466356515884399, 'coordinate': [np.float32(347.64804), np.float32(153.2447), np.float32(422.46698), np.float32(197.56831)]}
formula
{'cls_id': 7, 'label': 'formula', 'score': 0.6361947059631348, 'coordinate': [np.float32(220.89383), np.float32(152.73152), np.float32(296.19662), np.float32(196.77322)]}
formula
{'cls_id': 7, 'label': 'formula', 'score': 0.630228579044342, 'coordinate': [np.float32(425.0688), np.float32(285.10257), np.float32(445.33322), np.float32(328.75073)]}
formula
{'cls_id': 7, 'label': 'formula', 'score': 0.6141519546508789, 'coordinate': [np.float32(620.4147), np.float32(1177.7991), np.float32(683.0287), np.float32(1199.872)]}
formula
{'cls_id': 7, 'label': 'formula', 'score': 0.5852174758911133, 'coordinate': [np.float32(220.06894), np.float32(152.29799), np.float32(423.11566), np.float32(197.4799)]}
formula
{'cls_id': 7, 'label': 'formula', 'score': 0.5702393054962158, 'coordinate': [np.float32(617.1192), np.float32(649.83276), np.float32(706.35706), np.float32(670.51385)]}
formula
{'cls_id': 7, 'label': 'formula', 'score': 0.5644618272781372, 'coordinate': [np.float32(221.43901), np.float32(1181.4088), np.float32(244.70062), np.float32(1200.3888)]}
formula
{'cls_id': 0, 'label': 'paragraph_title', 'score': 0.5131903886795044, 'coordinate': [np.float32(120.90255), np.float32(618.8455), np.float32(1057.588), np.float32(671.08777)]}
paragraph_title
{'cls_id': 0, 'label': 'paragraph_title', 'score': 0.5009870529174805, 'coordinate': [np.float32(121.70636), np.float32(1175.8152), np.float32(1059.6473), np.float32(1221.4838)]}
paragraph_title
*** Page 13 ***
{'cls_id': 15, 'label': 'footer', 'score': 0.8683685064315796, 'coordinate': [np.float32(119.9087), np.float32(1614.0236), np.float32(323.74475), np.float32(1630.5441)]}
footer
{'cls_id': 1, 'label': 'image', 'score': 0.8445059061050415, 'coordinate': [np.float32(667.81995), np.float32(1056.5969), np.float32(998.8836), np.float32(1418.984)]}
image
{'cls_id': 2, 'label': 'text', 'score': 0.8107394576072693, 'coordinate': [np.float32(117.65356), np.float32(973.2518), np.float32(1057.8527), np.float32(1020.90643)]}
text
{'cls_id': 3, 'label': 'number', 'score': 0.8005087971687317, 'coordinate': [np.float32(572.8591), np.float32(1616.1273), np.float32(591.42694), np.float32(1632.5371)]}
number
{'cls_id': 2, 'label': 'text', 'score': 0.7701051235198975, 'coordinate': [np.float32(119.935745), np.float32(617.00653), np.float32(877.54865), np.float32(640.75354)]}
text
{'cls_id': 2, 'label': 'text', 'score': 0.729950487613678, 'coordinate': [np.float32(121.462975), np.float32(148.14862), np.float32(838.81976), np.float32(174.23157)]}
text
{'cls_id': 7, 'label': 'formula', 'score': 0.7265780568122864, 'coordinate': [np.float32(675.44183), np.float32(153.81757), np.float32(782.4529), np.float32(174.52666)]}
formula
{'cls_id': 2, 'label': 'text', 'score': 0.7116572856903076, 'coordinate': [np.float32(234.361), np.float32(665.9495), np.float32(306.64478), np.float32(684.31)]}
text
{'cls_id': 2, 'label': 'text', 'score': 0.6781757473945618, 'coordinate': [np.float32(234.3789), np.float32(759.9222), np.float32(305.55118), np.float32(779.25305)]}
text
{'cls_id': 2, 'label': 'text', 'score': 0.6635024547576904, 'coordinate': [np.float32(234.20613), np.float32(713.3664), np.float32(305.16592), np.float32(732.17285)]}
text
{'cls_id': 2, 'label': 'text', 'score': 0.6600216627120972, 'coordinate': [np.float32(234.01955), np.float32(1127.4628), np.float32(322.1375), np.float32(1172.7325)]}
text
{'cls_id': 2, 'label': 'text', 'score': 0.6586389541625977, 'coordinate': [np.float32(233.42223), np.float32(1202.2389), np.float32(353.61856), np.float32(1252.4836)]}
text
{'cls_id': 2, 'label': 'text', 'score': 0.6571304798126221, 'coordinate': [np.float32(233.46216), np.float32(807.3909), np.float32(305.09293), np.float32(826.91644)]}
text
{'cls_id': 7, 'label': 'formula', 'score': 0.6341291069984436, 'coordinate': [np.float32(219.62311), np.float32(617.0838), np.float32(328.51123), np.float32(636.9309)]}
formula
{'cls_id': 2, 'label': 'text', 'score': 0.632193386554718, 'coordinate': [np.float32(233.77454), np.float32(1283.9047), np.float32(361.68097), np.float32(1333.8834)]}
text
{'cls_id': 7, 'label': 'formula', 'score': 0.6271246671676636, 'coordinate': [np.float32(403.996), np.float32(998.8107), np.float32(505.67798), np.float32(1020.5285)]}
formula
{'cls_id': 2, 'label': 'text', 'score': 0.6264733076095581, 'coordinate': [np.float32(234.1754), np.float32(1051.3694), np.float32(322.2465), np.float32(1097.4315)]}
text
{'cls_id': 7, 'label': 'formula', 'score': 0.6242380738258362, 'coordinate': [np.float32(261.19553), np.float32(997.9637), np.float32(351.05103), np.float32(1019.1529)]}
formula
{'cls_id': 15, 'label': 'footer', 'score': 0.5856011509895325, 'coordinate': [np.float32(852.1798), np.float32(1617.0007), np.float32(1035.0967), np.float32(1637.9004)]}
footer
{'cls_id': 7, 'label': 'formula', 'score': 0.5782838463783264, 'coordinate': [np.float32(298.2875), np.float32(350.99496), np.float32(472.95627), np.float32(370.99753)]}
formula
{'cls_id': 7, 'label': 'formula', 'score': 0.5726416110992432, 'coordinate': [np.float32(298.9793), np.float32(203.82701), np.float32(471.12775), np.float32(223.67307)]}
formula
{'cls_id': 1, 'label': 'image', 'score': 0.5470774173736572, 'coordinate': [np.float32(596.60406), np.float32(206.4294), np.float32(1004.1554), np.float32(488.14655)]}
image
{'cls_id': 7, 'label': 'formula', 'score': 0.5382108688354492, 'coordinate': [np.float32(298.51517), np.float32(301.7382), np.float32(462.63315), np.float32(322.58054)]}
formula
{'cls_id': 1, 'label': 'image', 'score': 0.5330612659454346, 'coordinate': [np.float32(234.61035), np.float32(201.82275), np.float32(1002.14996), np.float32(489.4589)]}
image
{'cls_id': 18, 'label': 'chart', 'score': 0.5299240350723267, 'coordinate': [np.float32(596.60406), np.float32(206.4294), np.float32(1004.1554), np.float32(488.14655)]}
chart
{'cls_id': 7, 'label': 'formula', 'score': 0.5108423233032227, 'coordinate': [np.float32(743.00525), np.float32(621.66486), np.float32(815.8936), np.float32(639.7876)]}
formula
*** Page 14 ***
{'cls_id': 15, 'label': 'footer', 'score': 0.8589924573898315, 'coordinate': [np.float32(125.519295), np.float32(1613.7986), np.float32(329.37524), np.float32(1630.4093)]}
footer
{'cls_id': 7, 'label': 'formula', 'score': 0.7918923497200012, 'coordinate': [np.float32(600.4388), np.float32(703.03705), np.float32(772.77386), np.float32(728.3572)]}
formula
{'cls_id': 3, 'label': 'number', 'score': 0.7906334400177002, 'coordinate': [np.float32(578.71497), np.float32(1614.3733), np.float32(597.763), np.float32(1629.8073)]}
number
{'cls_id': 1, 'label': 'image', 'score': 0.7618624567985535, 'coordinate': [np.float32(550.72687), np.float32(224.76004), np.float32(1020.0394), np.float32(538.31274)]}
image
{'cls_id': 2, 'label': 'text', 'score': 0.7485160231590271, 'coordinate': [np.float32(122.4839), np.float32(147.66365), np.float32(1059.2382), np.float32(193.7087)]}
text
{'cls_id': 2, 'label': 'text', 'score': 0.7400637865066528, 'coordinate': [np.float32(119.94483), np.float32(704.92035), np.float32(1058.3901), np.float32(755.85925)]}
text
{'cls_id': 2, 'label': 'text', 'score': 0.7312219142913818, 'coordinate': [np.float32(119.91119), np.float32(1117.1969), np.float32(1058.1569), np.float32(1161.6743)]}
text
{'cls_id': 2, 'label': 'text', 'score': 0.7078545689582825, 'coordinate': [np.float32(237.17181), np.float32(368.0058), np.float32(341.6083), np.float32(387.3584)]}
text
{'cls_id': 2, 'label': 'text', 'score': 0.700628399848938, 'coordinate': [np.float32(237.22047), np.float32(1265.7318), np.float32(325.44934), np.float32(1309.804)]}
text
{'cls_id': 2, 'label': 'text', 'score': 0.6794375777244568, 'coordinate': [np.float32(236.33781), np.float32(834.2866), np.float32(323.22977), np.float32(853.1347)]}
text
{'cls_id': 2, 'label': 'text', 'score': 0.6754064559936523, 'coordinate': [np.float32(237.90312), np.float32(880.8815), np.float32(308.09402), np.float32(900.2543)]}
text
{'cls_id': 7, 'label': 'formula', 'score': 0.6613813638687134, 'coordinate': [np.float32(336.70142), np.float32(707.02057), np.float32(451.1193), np.float32(727.0192)]}
formula
{'cls_id': 2, 'label': 'text', 'score': 0.658189058303833, 'coordinate': [np.float32(236.52026), np.float32(928.81195), np.float32(308.56277), np.float32(947.74994)]}
text
{'cls_id': 2, 'label': 'text', 'score': 0.6474260687828064, 'coordinate': [np.float32(237.31996), np.float32(1189.0197), np.float32(326.52325), np.float32(1234.6902)]}
text
{'cls_id': 7, 'label': 'formula', 'score': 0.6426243782043457, 'coordinate': [np.float32(466.7624), np.float32(172.2475), np.float32(576.97235), np.float32(192.30592)]}
formula
{'cls_id': 2, 'label': 'text', 'score': 0.6195399761199951, 'coordinate': [np.float32(237.93336), np.float32(224.42218), np.float32(343.93536), np.float32(243.37233)]}
text
{'cls_id': 2, 'label': 'text', 'score': 0.6166234016418457, 'coordinate': [np.float32(238.52153), np.float32(271.25964), np.float32(345.1325), np.float32(290.32437)]}
text
{'cls_id': 2, 'label': 'text', 'score': 0.6129173040390015, 'coordinate': [np.float32(238.00328), np.float32(319.6145), np.float32(343.4481), np.float32(339.2039)]}
text
{'cls_id': 2, 'label': 'text', 'score': 0.5917797088623047, 'coordinate': [np.float32(238.9878), np.float32(1417.3834), np.float32(325.96707), np.float32(1463.397)]}
text
{'cls_id': 2, 'label': 'text', 'score': 0.5800191760063171, 'coordinate': [np.float32(235.91641), np.float32(782.45703), np.float32(325.62497), np.float32(800.5984)]}
text
{'cls_id': 2, 'label': 'text', 'score': 0.5597487688064575, 'coordinate': [np.float32(238.42894), np.float32(1340.8871), np.float32(324.88242), np.float32(1386.7461)]}
text
*** Page 15 ***
{'cls_id': 2, 'label': 'text', 'score': 0.883843719959259, 'coordinate': [np.float32(231.42429), np.float32(995.78204), np.float32(417.18793), np.float32(1015.4269)]}
text
{'cls_id': 15, 'label': 'footer', 'score': 0.8769004940986633, 'coordinate': [np.float32(120.59056), np.float32(1613.4976), np.float32(324.7992), np.float32(1630.4565)]}
footer
{'cls_id': 2, 'label': 'text', 'score': 0.8694279193878174, 'coordinate': [np.float32(231.98831), np.float32(948.66406), np.float32(354.31564), np.float32(967.8881)]}
text
{'cls_id': 2, 'label': 'text', 'score': 0.8667742013931274, 'coordinate': [np.float32(195.21909), np.float32(854.62134), np.float32(778.05194), np.float32(874.0171)]}
text
{'cls_id': 2, 'label': 'text', 'score': 0.8585108518600464, 'coordinate': [np.float32(195.86084), np.float32(830.69055), np.float32(666.4765), np.float32(850.59595)]}
text
{'cls_id': 2, 'label': 'text', 'score': 0.8551130294799805, 'coordinate': [np.float32(232.01591), np.float32(1043.2986), np.float32(422.26657), np.float32(1062.4823)]}
text
{'cls_id': 2, 'label': 'text', 'score': 0.8363536596298218, 'coordinate': [np.float32(195.54477), np.float32(806.74615), np.float32(645.56354), np.float32(827.04553)]}
text
{'cls_id': 2, 'label': 'text', 'score': 0.836097002029419, 'coordinate': [np.float32(195.69626), np.float32(830.7202), np.float32(666.82275), np.float32(850.6903)]}
text
{'cls_id': 2, 'label': 'text', 'score': 0.8116077184677124, 'coordinate': [np.float32(231.78601), np.float32(901.5417), np.float32(348.0545), np.float32(920.38556)]}
text
{'cls_id': 2, 'label': 'text', 'score': 0.8083685636520386, 'coordinate': [np.float32(174.75954), np.float32(759.9678), np.float32(459.52444), np.float32(779.00476)]}
text
{'cls_id': 3, 'label': 'number', 'score': 0.8049019575119019, 'coordinate': [np.float32(573.7221), np.float32(1614.0259), np.float32(593.1022), np.float32(1630.199)]}
number
{'cls_id': 2, 'label': 'text', 'score': 0.7994813919067383, 'coordinate': [np.float32(232.8233), np.float32(1255.9563), np.float32(325.19504), np.float32(1274.0767)]}
text
{'cls_id': 2, 'label': 'text', 'score': 0.7985625267028809, 'coordinate': [np.float32(232.24345), np.float32(271.4378), np.float32(362.0992), np.float32(289.67426)]}
text
{'cls_id': 2, 'label': 'text', 'score': 0.7894489169120789, 'coordinate': [np.float32(231.63522), np.float32(219.19838), np.float32(360.99606), np.float32(237.159)]}
text
{'cls_id': 2, 'label': 'text', 'score': 0.784588098526001, 'coordinate': [np.float32(231.78249), np.float32(324.12073), np.float32(360.76328), np.float32(342.43475)]}
text
{'cls_id': 2, 'label': 'text', 'score': 0.7829926013946533, 'coordinate': [np.float32(233.51073), np.float32(1303.0637), np.float32(323.78262), np.float32(1321.5219)]}
text
{'cls_id': 2, 'label': 'text', 'score': 0.7827693223953247, 'coordinate': [np.float32(232.59932), np.float32(1397.1699), np.float32(323.25275), np.float32(1415.8733)]}
text
{'cls_id': 2, 'label': 'text', 'score': 0.7695852518081665, 'coordinate': [np.float32(233.42186), np.float32(1349.9719), np.float32(323.8258), np.float32(1368.6924)]}
text
{'cls_id': 2, 'label': 'text', 'score': 0.7621461749076843, 'coordinate': [np.float32(231.82158), np.float32(376.8287), np.float32(361.02347), np.float32(394.7066)]}
text
{'cls_id': 0, 'label': 'paragraph_title', 'score': 0.6784822940826416, 'coordinate': [np.float32(514.12506), np.float32(1516.5507), np.float32(662.0844), np.float32(1533.755)]}
paragraph_title
{'cls_id': 2, 'label': 'text', 'score': 0.6718389391899109, 'coordinate': [np.float32(115.9314), np.float32(1185.0231), np.float32(1053.1074), np.float32(1228.9231)]}
text
{'cls_id': 2, 'label': 'text', 'score': 0.6293096542358398, 'coordinate': [np.float32(117.630486), np.float32(148.47505), np.float32(1050.8392), np.float32(193.68684)]}
text
{'cls_id': 2, 'label': 'text', 'score': 0.6247999668121338, 'coordinate': [np.float32(114.84071), np.float32(522.845), np.float32(1051.7129), np.float32(567.1444)]}
text
{'cls_id': 8, 'label': 'table', 'score': 0.5998399257659912, 'coordinate': [np.float32(269.68185), np.float32(592.0774), np.float32(627.73517), np.float32(733.38245)]}
table
{'cls_id': 0, 'label': 'paragraph_title', 'score': 0.538739025592804, 'coordinate': [np.float32(114.84071), np.float32(522.845), np.float32(1051.7129), np.float32(567.1444)]}
paragraph_title
{'cls_id': 0, 'label': 'paragraph_title', 'score': 0.5223186016082764, 'coordinate': [np.float32(117.630486), np.float32(148.47505), np.float32(1050.8392), np.float32(193.68684)]}
paragraph_title
*** Page 16 ***
